[2018-06-01 11:48:53] name.WARNING: Foo [] []
[2018-06-01 11:48:53] name.ERROR: Bar [] []
